
Run     SWR     Gain    F/B     F/R     R-a     X-a     Eff.    S_ref_drS_drv_diS_betwee

1-0     5.052   8.34    15.8    12.93   15.339  -13.39  100     0.097   0.073   0.073   
1-1     4.1678  8.69    13.75   13.75   18.117  -5.982  100     0.1116  0.084   0.084   
1-2     3.2793  8.94    12.34   12.34   22.882  1.5938  100     0.1262  0.0949  0.0949  
1-3     2.5176  9.1     11.49   11.49   30.242  8.4659  100     0.1408  0.1059  0.1059  
1-4     1.934   9.16    11.08   11.08   40.374  12.917  100     0.1554  0.1168  0.1168  
1-5     1.522   9.15    11.08   11.08   51.881  12.736  100     0.17    0.1278  0.1278  
1-6     1.2564  9.12    11.52   11.52   61.266  7.2004  100     0.1846  0.1387  0.1387  
1-7     1.1492  9.1     12.45   10.87   65.312  -1.034  100     0.1992  0.1497  0.1497  
1-8     1.2132  9.11    14.01   10.24   64.147  -7.907  100     0.2138  0.1606  0.1606  
1-9     1.3156  9.18    16.48   9.83    60.339  -11.3   100     0.2284  0.1716  0.1716  
1-10    1.3977  9.29    20.27   9.6     56.295  -11.31  100     0.243   0.1825  0.1825  
1-11    1.4435  9.43    23.93   9.48    53.382  -8.846  100     0.2576  0.1935  0.1935  
1-12    1.447   9.56    20.65   9.29    52.256  -4.886  100     0.2722  0.2044  0.2044  
1-13    1.4085  9.62    16.34   9.01    53.249  -0.329  100     0.2868  0.2154  0.2154  
1-14    1.3362  9.58    13.37   8.47    56.472  3.8657  100     0.3014  0.2263  0.2263  
1-15    1.2441  9.41    11.35   7.88    61.667  6.6193  100     0.316   0.2373  0.2373  
1-16    1.1484  9.12    9.96    7.23    67.965  6.943   100     0.3306  0.2482  0.2482  
1-17    1.0635  8.74    9.05    6.56    73.912  4.4501  100     0.3452  0.2592  0.2592  
1-18    1.0405  8.32    8.53    5.93    78.028  -0.244  100     0.3598  0.2701  0.2701  
1-19    1.1     7.91    8.37    5.37    79.572  -5.774  100     0.3744  0.2811  0.2811  
1-20    1.16    7.56    8.57    4.92    78.758  -10.78  100     0.389   0.292   0.292   
